// Jest Snapshot v1, https://goo.gl/fbAQLP

exports[`should render AddExpensePage correctly 1`] = `
<div>
  <p>
    Create Expenses
  </p>
  <ExpenseForm
    onSubmit={[Function]}
  />
</div>
`;
