// Jest Snapshot v1, https://goo.gl/fbAQLP

exports[`should render Expense Component with fixture data 1`] = `
<div>
  <p>
    Gum
  </p>
  <p>
    $1.95
     - 
    December 31st, 1969
  </p>
  <Link
    replace={false}
    to="/edit/1"
  >
    Edit
  </Link>
</div>
`;
